==================== 2026-06-24T08:39:38.708244Z | 019ef8c8-efb1-7b02-93e3-2ab860ff6122 ====================
08:39:38.711048 [info ]: Installing dbt project and profile setup
08:39:38.727044 [info ]: Info Created .vscode/extensions.json with dbt extension recommendation
08:39:38.728322 [info ]: Success Project created successfully!
08:39:38.728557 [info ]: Info Project name: jaffle_shop
08:39:38.728581 [info ]: Info Project directory: jaffle_shop
08:39:38.728685 [info ]: Info Setting up your profile...
08:39:38.729780 [info ]: Info Creating new profile...
08:39:43.573103 [info ]: No dbt_cloud.yml found - proceeding without cloud pre-population
08:45:24.181231 [info ]: Success Profile written to /Users/akashsoni/.dbt/profiles.yml
08:45:24.189007 [info ]: Validating profile inputs, adapters, and connection

08:45:24.190166 [info ]: dbt-fusion 2.0.0-preview.190
08:45:24.195056 [info ]: Started loading project
08:45:24.220386 [info ]: Loading ~/.dbt/profiles.yml
08:45:24.229568 [info ]: Finished loading project [  0.03s]
08:45:24.230848 [info ]: Started debugging
08:45:24.231416 [info ]: Debugging profile: dev
08:45:24.231441 [info ]: Debugging dbt version: 2.0.0-preview.190
08:45:24.231452 [info ]: Debugging platform: macos aarch64 (unix)
08:45:24.231709 [info ]: Debugging adapter type: databricks (remote)
08:45:24.250820 [info ]: Debugging dependencies:
  git: OK
08:45:24.252755 [info ]: Debugging connection:
  "schema": "akash",
  "host": "dbc-a1967ac2-2577.cloud.databricks.com",
  "http_path": "/sql/1.0/warehouses/4279608f906422d4"
08:45:34.698076 [debug]: Query executed on node unknown:
select 1 as id
08:45:34.699947 [info ]: Debugging connection test: OK
08:45:34.700497 [info ]: Debugged All checks passed!
08:45:34.700822 [info ]: Finished debugging [ 10.47s]
08:45:35.734011 [info ]: 
==================== Execution Summary =====================
Finished 'init' successfully for target 'dev' [5m 57s]
{"data":{"log_version":3,"version":"=2.0.0-preview.190"},"info":{"category":"","code":"A001","extra":{},"invocation_id":"019ef8d5-4bef-7070-8cf5-c3f34e7c1b96","level":"info","msg":"Running with dbt-fusion=2.0.0-preview.190","name":"MainReportVersion","pid":15688,"thread":"tokio-rt-worker","ts":"2026-06-24T08:53:08.736903Z"}}
{"data":{"args":{"debug":"false","invocation_command":"/Users/akashsoni/.local/bin/dbt license info --json --log-format json","log_format":"json","quiet":"false","write_json":"true"}},"info":{"category":"","code":"A002","extra":{},"invocation_id":"019ef8d5-4bef-7070-8cf5-c3f34e7c1b96","level":"debug","msg":"running dbt-fusion with arguments {\"command\":\"license\",\"vars\":\"{}\",\"limit\":\"10\",\"debug\":false,\"log_format\":\"json\",\"quiet\":false,\"write_json\":true,\"write_catalog\":false}","name":"MainReportArgs","pid":15688,"thread":"tokio-rt-worker","ts":"2026-06-24T08:53:08.736926Z"}}
{"data":{},"info":{"category":"","code":"","extra":{},"invocation_id":"019ef8d5-4bef-7070-8cf5-c3f34e7c1b96","level":"debug","msg":"No platform credentials found, skipping remote license","name":"Generic","pid":15688,"thread":"tokio-rt-worker","ts":"2026-06-24T08:53:09.073902Z"}}
{"data":{},"info":{"category":"","code":"","extra":{},"invocation_id":"019ef8d5-4bef-7070-8cf5-c3f34e7c1b96","level":"debug","msg":"Requesting trial license from https://cloud.getdbt.com/api/private/trial-licenses/","name":"Generic","pid":15688,"thread":"tokio-rt-worker","ts":"2026-06-24T08:53:09.548018Z"}}
{"data":{},"info":{"category":"","code":"","extra":{},"invocation_id":"019ef8d5-4bef-7070-8cf5-c3f34e7c1b96","level":"debug","msg":"Trial license retrieved","name":"Generic","pid":15688,"thread":"tokio-rt-worker","ts":"2026-06-24T08:53:10.508764Z"}}
{"data":{},"info":{"category":"","code":"","extra":{},"invocation_id":"019ef8d5-4bef-7070-8cf5-c3f34e7c1b96","level":"debug","msg":"License loaded from trial license server","name":"Generic","pid":15688,"thread":"tokio-rt-worker","ts":"2026-06-24T08:53:10.649154Z"}}
{"data":{"columns":[],"is_inline":true,"node_name":"license_info","output_format":"json","preview":"{\n  \"status\": \"valid\",\n  \"licensing_enabled\": true,\n  \"features\": [\n    \"compare\",\n    \"dbt-wizard\",\n    \"strict-static-analysis\"\n  ],\n  \"issued_at\": \"2026-06-24T08:53:10+00:00\",\n  \"expires_at\": \"2026-07-08T08:18:00+00:00\",\n  \"license_type\": \"trial\",\n  \"machine_id\": \"4266008707c4864529c53e6471a65da4356dc47036f4eae2cb5a4ff2287c9f30\",\n  \"days_remaining\": 13,\n  \"trial_start_date\": \"2026-06-24T08:18:00+00:00\"\n}","unique_id":"license.info"},"info":{"category":"","code":"Q041","extra":{},"invocation_id":"019ef8d5-4bef-7070-8cf5-c3f34e7c1b96","level":"info","msg":"{\n  \"status\": \"valid\",\n  \"licensing_enabled\": true,\n  \"features\": [\n    \"compare\",\n    \"dbt-wizard\",\n    \"strict-static-analysis\"\n  ],\n  \"issued_at\": \"2026-06-24T08:53:10+00:00\",\n  \"expires_at\": \"2026-07-08T08:18:00+00:00\",\n  \"license_type\": \"trial\",\n  \"machine_id\": \"4266008707c4864529c53e6471a65da4356dc47036f4eae2cb5a4ff2287c9f30\",\n  \"days_remaining\": 13,\n  \"trial_start_date\": \"2026-06-24T08:18:00+00:00\"\n}","name":"ShowNode","pid":15688,"thread":"tokio-rt-worker","ts":"2026-06-24T08:53:10.775752Z"}}
{"data":{"completed_at":"2026-06-24T08:53:10.929526Z","elapsed":2.1938350200653076,"success":true},"info":{"category":"","code":"Q039","extra":{},"invocation_id":"019ef8d5-4bef-7070-8cf5-c3f34e7c1b96","level":"info","msg":"\n==================== Execution Summary =====================\nFinished 'license' successfully [2.2s]","name":"CommandCompleted","pid":15688,"thread":"tokio-rt-worker","ts":"2026-06-24T08:53:10.930071Z"}}
[0m16:30:27.496059 [debug] [MainThread]: Sending event: {'category': 'dbt', 'action': 'invocation', 'label': 'start', 'context': [<snowplow_tracker.self_describing_json.SelfDescribingJson object at 0x10480c980>, <snowplow_tracker.self_describing_json.SelfDescribingJson object at 0x104c96690>, <snowplow_tracker.self_describing_json.SelfDescribingJson object at 0x104c96b70>]}


============================== 16:30:27.499273 | 175316ce-f988-45e7-a2ff-e919ffa1f4ba ==============================
[0m16:30:27.499273 [info ] [MainThread]: Running with dbt=1.11.11
[0m16:30:27.499649 [debug] [MainThread]: running dbt with arguments {'cache_selected_only': 'False', 'empty': 'False', 'indirect_selection': 'eager', 'introspect': 'True', 'use_colors': 'True', 'log_format': 'default', 'no_print': 'None', 'fail_fast': 'False', 'target_path': 'None', 'version_check': 'True', 'send_anonymous_usage_stats': 'True', 'log_path': 'logs', 'debug': 'False', 'profiles_dir': '/Users/akashsoni/.dbt', 'printer_width': '80', 'warn_error': 'None', 'log_cache_events': 'False', 'invocation_command': 'dbt run', 'static_parser': 'True', 'write_json': 'True', 'partial_parse': 'True', 'use_experimental_parser': 'False', 'quiet': 'False', 'warn_error_options': 'WarnErrorOptionsV2(error=[], warn=[], silence=[])'}
[0m16:30:27.500034 [error] [MainThread]: Encountered an error:
Runtime Error
  No dbt_project.yml found at expected path /Users/akashsoni/Desktop/website/dbt/dbt_project.yml
  Verify that each entry within packages.yml (and their transitive dependencies) contains a file named dbt_project.yml
  
[0m16:30:27.527811 [debug] [MainThread]: Resource report: {"command_name": "run", "command_success": false, "command_wall_clock_time": 0.07795688, "process_in_blocks": "0", "process_kernel_time": 0.162707, "process_mem_max_rss": "108642304", "process_out_blocks": "0", "process_user_time": 0.798352}
[0m16:30:27.528267 [debug] [MainThread]: Command `dbt run` failed at 16:30:27.528205 after 0.08 seconds
[0m16:30:27.528511 [debug] [MainThread]: Sending event: {'category': 'dbt', 'action': 'invocation', 'label': 'end', 'context': [<snowplow_tracker.self_describing_json.SelfDescribingJson object at 0x1001cad20>, <snowplow_tracker.self_describing_json.SelfDescribingJson object at 0x1045aec90>, <snowplow_tracker.self_describing_json.SelfDescribingJson object at 0x104c96660>]}
[0m16:30:27.528735 [debug] [MainThread]: Flushing usage events
[0m16:30:28.224617 [debug] [MainThread]: An error was encountered while trying to flush usage events
